// Vitest Snapshot v1, https://vitest.dev/guide/snapshot.html

exports[`CompanyReviews > renders both google and magikey review columns 1`] = `"<section class="space-y-6" data-v-xxxx><header class="space-y-1" data-v-xxxx><h2 class="text-xl font-semibold text-slate-900" data-v-xxxx>Bewertungen</h2><p class="text-sm text-slate-600" data-v-xxxx> Ein Blick auf das Feedback anderer Kundinnen und Kunden – direkt von Google und aus dem Magikey-Netzwerk. </p></header><div class="grid gap-6 md:grid-cols-2" data-v-xxxx><article class="space-y-4 rounded-3xl border border-white/70 bg-white/70 p-6 shadow-inner" data-v-xxxx><div class="flex items-center justify-between gap-4" data-v-xxxx><h3 class="text-lg font-semibold text-slate-900" data-v-xxxx>Google Bewertungen</h3><a href="https://maps.google.com/?cid=123#reviews" target="_blank" rel="noopener" class="text-sm font-medium text-emerald-600 hover:text-emerald-700" data-v-xxxx> Auf Google ansehen </a></div><div class="overflow-hidden rounded-2xl border border-white/60 bg-white/60" data-v-xxxx><iframe src="https://maps.google.com/?cid=123#reviews" class="h-[420px] w-full" allowfullscreen loading="lazy" referrerpolicy="no-referrer-when-downgrade" title="Google Bewertungen" data-v-xxxx></iframe></div></article><article class="space-y-4 rounded-3xl border border-white/70 bg-white/70 p-6 shadow-inner" data-v-xxxx><div class="flex items-center justify-between gap-4" data-v-xxxx><h3 class="text-lg font-semibold text-slate-900" data-v-xxxx>Magikey Community</h3><span class="text-sm text-slate-500" data-v-xxxx>2 Bewertungen</span></div><div class="space-y-4" data-v-xxxx><!--[--><div class="space-y-3 rounded-2xl border border-white/60 bg-white/60 p-4" data-v-xxxx><div class="flex flex-wrap items-center justify-between gap-2" data-v-xxxx><p class="font-semibold text-slate-900" data-v-xxxx>Alex P.</p><p class="text-xs text-slate-500" data-v-xxxx>05. Januar 2024</p></div><div class="flex items-center gap-2 text-amber-500" aria-hidden="true" data-v-xxxx><!--[--><i class="fa-star fa" data-v-xxxx></i><i class="fa-star fa" data-v-xxxx></i><i class="fa-star fa" data-v-xxxx></i><i class="fa-star fa" data-v-xxxx></i><i class="fa-star fa" data-v-xxxx></i><!--]--></div><p class="text-sm text-slate-700" data-v-xxxx>Super schnelle Hilfe und fairer Preis!</p></div><div class="space-y-3 rounded-2xl border border-white/60 bg-white/60 p-4" data-v-xxxx><div class="flex flex-wrap items-center justify-between gap-2" data-v-xxxx><p class="font-semibold text-slate-900" data-v-xxxx>Mara L.</p><p class="text-xs text-slate-500" data-v-xxxx>17. Dezember 2023</p></div><div class="flex items-center gap-2 text-amber-500" aria-hidden="true" data-v-xxxx><!--[--><i class="fa-star fa" data-v-xxxx></i><i class="fa-star fa" data-v-xxxx></i><i class="fa-star fa" data-v-xxxx></i><i class="fa-star fa" data-v-xxxx></i><i class="fa-star-o fa" data-v-xxxx></i><!--]--></div><p class="text-sm text-slate-700" data-v-xxxx>Freundlich und zuverlässig.</p></div><!--]--></div></article></div></section>"`;
