// Vitest Snapshot v1, https://vitest.dev/guide/snapshot.html

exports[`CompanyReviews > rendert beide Bewertungsspalten korrekt 1`] = `"<section class="space-y-6"><div class="flex items-center justify-between gap-4"><h2 class="text-lg font-semibold text-slate-900">Bewertungen</h2><a href="https://maps.google.com/?cid=123#reviews" target="_blank" rel="noopener" class="text-sm font-medium text-emerald-600 hover:text-emerald-700"><i class="fa fa-external-link mr-1"></i> Auf Google ansehen </a></div><div class="grid gap-6 lg:grid-cols-2"><div class="space-y-4"><h3 class="text-base font-semibold text-slate-800">Google Bewertungen</h3><div class="overflow-hidden rounded-3xl border border-white/70 bg-white/70 shadow-inner"><iframe src="https://maps.google.com/?cid=123&amp;output=embed#reviews" class="h-80 w-full" style="border:0;" loading="lazy" allowfullscreen referrerpolicy="no-referrer-when-downgrade"></iframe></div></div><div class="space-y-4"><h3 class="text-base font-semibold text-slate-800">Magikey Bewertungen</h3><div class="space-y-3 rounded-3xl border border-white/70 bg-white/70 p-6 shadow-inner"><!--[--><ul class="space-y-4"><!--[--><li class="space-y-2 rounded-2xl border border-white/60 bg-white/60 p-4"><div class="flex flex-wrap items-center justify-between gap-2"><span class="font-semibold text-slate-800">Max Mustermann</span><div class="flex items-center gap-1 text-amber-500"><!--[--><i class="fa-star fa"></i><i class="fa-star fa"></i><i class="fa-star fa"></i><i class="fa-star fa"></i><i class="fa-star-o fa"></i><!--]--></div></div><p class="text-sm text-slate-600">Schnelle Hilfe vor Ort.</p><p class="text-xs text-slate-400">10. April 2024</p></li><li class="space-y-2 rounded-2xl border border-white/60 bg-white/60 p-4"><div class="flex flex-wrap items-center justify-between gap-2"><span class="font-semibold text-slate-800">Erika Muster</span><div class="flex items-center gap-1 text-amber-500"><!--[--><i class="fa-star fa"></i><i class="fa-star fa"></i><i class="fa-star fa"></i><i class="fa-star fa"></i><i class="fa-star fa"></i><!--]--></div></div><p class="text-sm text-slate-600">Sehr freundlich und zuverlÃ¤ssig.</p><p class="text-xs text-slate-400">12. April 2024</p></li><!--]--></ul><!--]--></div></div></div></section>"`;
